// Jest Snapshot v1, https://goo.gl/fbAQLP

exports[`foo6 1`] = `<div />`;
